Archive member included to satisfy reference by file (symbol)

c:/users/toshiba/downloads/iti/turkey/arm tools iti/arm gcc/bin/../lib/gcc/arm-none-eabi/5.4.1/armv7-m\libgcc.a(_aeabi_uldivmod.o)
                              ./src/DSYSTICK.o (__aeabi_uldivmod)
c:/users/toshiba/downloads/iti/turkey/arm tools iti/arm gcc/bin/../lib/gcc/arm-none-eabi/5.4.1/armv7-m\libgcc.a(_udivmoddi4.o)
                              c:/users/toshiba/downloads/iti/turkey/arm tools iti/arm gcc/bin/../lib/gcc/arm-none-eabi/5.4.1/armv7-m\libgcc.a(_aeabi_uldivmod.o) (__udivmoddi4)
c:/users/toshiba/downloads/iti/turkey/arm tools iti/arm gcc/bin/../lib/gcc/arm-none-eabi/5.4.1/armv7-m\libgcc.a(_dvmd_tls.o)
                              c:/users/toshiba/downloads/iti/turkey/arm tools iti/arm gcc/bin/../lib/gcc/arm-none-eabi/5.4.1/armv7-m\libgcc.a(_aeabi_uldivmod.o) (__aeabi_ldiv0)
c:/users/toshiba/downloads/iti/turkey/arm tools iti/arm gcc/bin/../lib/gcc/arm-none-eabi/5.4.1/../../../../arm-none-eabi/lib/armv7-m\libg_nano.a(lib_a-errno.o)
                              ./system/src/newlib/_sbrk.o (__errno)
c:/users/toshiba/downloads/iti/turkey/arm tools iti/arm gcc/bin/../lib/gcc/arm-none-eabi/5.4.1/../../../../arm-none-eabi/lib/armv7-m\libg_nano.a(lib_a-impure.o)
                              c:/users/toshiba/downloads/iti/turkey/arm tools iti/arm gcc/bin/../lib/gcc/arm-none-eabi/5.4.1/../../../../arm-none-eabi/lib/armv7-m\libg_nano.a(lib_a-errno.o) (_impure_ptr)
c:/users/toshiba/downloads/iti/turkey/arm tools iti/arm gcc/bin/../lib/gcc/arm-none-eabi/5.4.1/../../../../arm-none-eabi/lib/armv7-m\libg_nano.a(lib_a-strlen.o)
                              ./system/src/diag/Trace.o (strlen)
c:/users/toshiba/downloads/iti/turkey/arm tools iti/arm gcc/bin/../lib/gcc/arm-none-eabi/5.4.1/../../../../arm-none-eabi/lib/armv7-m\libg_nano.a(lib_a-vsnprintf.o)
                              ./system/src/diag/Trace.o (vsnprintf)
c:/users/toshiba/downloads/iti/turkey/arm tools iti/arm gcc/bin/../lib/gcc/arm-none-eabi/5.4.1/../../../../arm-none-eabi/lib/armv7-m\libg_nano.a(lib_a-nano-svfprintf.o)
                              c:/users/toshiba/downloads/iti/turkey/arm tools iti/arm gcc/bin/../lib/gcc/arm-none-eabi/5.4.1/../../../../arm-none-eabi/lib/armv7-m\libg_nano.a(lib_a-vsnprintf.o) (_svfprintf_r)
c:/users/toshiba/downloads/iti/turkey/arm tools iti/arm gcc/bin/../lib/gcc/arm-none-eabi/5.4.1/../../../../arm-none-eabi/lib/armv7-m\libg_nano.a(lib_a-nano-vfprintf_i.o)
                              c:/users/toshiba/downloads/iti/turkey/arm tools iti/arm gcc/bin/../lib/gcc/arm-none-eabi/5.4.1/../../../../arm-none-eabi/lib/armv7-m\libg_nano.a(lib_a-nano-svfprintf.o) (_printf_i)
c:/users/toshiba/downloads/iti/turkey/arm tools iti/arm gcc/bin/../lib/gcc/arm-none-eabi/5.4.1/../../../../arm-none-eabi/lib/armv7-m\libg_nano.a(lib_a-memchr-stub.o)
                              c:/users/toshiba/downloads/iti/turkey/arm tools iti/arm gcc/bin/../lib/gcc/arm-none-eabi/5.4.1/../../../../arm-none-eabi/lib/armv7-m\libg_nano.a(lib_a-nano-svfprintf.o) (memchr)
c:/users/toshiba/downloads/iti/turkey/arm tools iti/arm gcc/bin/../lib/gcc/arm-none-eabi/5.4.1/../../../../arm-none-eabi/lib/armv7-m\libg_nano.a(lib_a-memcpy-stub.o)
                              c:/users/toshiba/downloads/iti/turkey/arm tools iti/arm gcc/bin/../lib/gcc/arm-none-eabi/5.4.1/../../../../arm-none-eabi/lib/armv7-m\libg_nano.a(lib_a-nano-svfprintf.o) (memcpy)
c:/users/toshiba/downloads/iti/turkey/arm tools iti/arm gcc/bin/../lib/gcc/arm-none-eabi/5.4.1/../../../../arm-none-eabi/lib/armv7-m\libg_nano.a(lib_a-memmove.o)
                              c:/users/toshiba/downloads/iti/turkey/arm tools iti/arm gcc/bin/../lib/gcc/arm-none-eabi/5.4.1/../../../../arm-none-eabi/lib/armv7-m\libg_nano.a(lib_a-nano-svfprintf.o) (memmove)
c:/users/toshiba/downloads/iti/turkey/arm tools iti/arm gcc/bin/../lib/gcc/arm-none-eabi/5.4.1/../../../../arm-none-eabi/lib/armv7-m\libg_nano.a(lib_a-nano-freer.o)
                              c:/users/toshiba/downloads/iti/turkey/arm tools iti/arm gcc/bin/../lib/gcc/arm-none-eabi/5.4.1/../../../../arm-none-eabi/lib/armv7-m\libg_nano.a(lib_a-nano-svfprintf.o) (_free_r)
c:/users/toshiba/downloads/iti/turkey/arm tools iti/arm gcc/bin/../lib/gcc/arm-none-eabi/5.4.1/../../../../arm-none-eabi/lib/armv7-m\libg_nano.a(lib_a-nano-mallocr.o)
                              c:/users/toshiba/downloads/iti/turkey/arm tools iti/arm gcc/bin/../lib/gcc/arm-none-eabi/5.4.1/../../../../arm-none-eabi/lib/armv7-m\libg_nano.a(lib_a-nano-svfprintf.o) (_malloc_r)
c:/users/toshiba/downloads/iti/turkey/arm tools iti/arm gcc/bin/../lib/gcc/arm-none-eabi/5.4.1/../../../../arm-none-eabi/lib/armv7-m\libg_nano.a(lib_a-nano-reallocr.o)
                              c:/users/toshiba/downloads/iti/turkey/arm tools iti/arm gcc/bin/../lib/gcc/arm-none-eabi/5.4.1/../../../../arm-none-eabi/lib/armv7-m\libg_nano.a(lib_a-nano-svfprintf.o) (_realloc_r)
[...]
Memory Configuration

Name             Origin             Length             Attributes
RAM              0x20000000         0x00005000         xrw
CCMRAM           0x00000000         0x00000000         xrw
FLASH            0x08000000         0x00010000         xr
FLASHB1          0x00000000         0x00000000         xr
EXTMEMB0         0x00000000         0x00000000         xr
EXTMEMB1         0x00000000         0x00000000         xr
EXTMEMB2         0x00000000         0x00000000         xr
EXTMEMB3         0x00000000         0x00000000         xr
MEMORY_ARRAY     0x00000000         0x00000000         xrw
*default*        0x00000000         0xffffffff

Linker script and memory map

LOAD ./system/src/stm32f1-stdperiph/misc.o
LOAD ./system/src/stm32f1-stdperiph/stm32f10x_gpio.o
LOAD ./system/src/stm32f1-stdperiph/stm32f10x_rcc.o
LOAD ./system/src/newlib/_cxx.o
LOAD ./system/src/newlib/_exit.o
LOAD ./system/src/newlib/_sbrk.o
LOAD ./system/src/newlib/_startup.o
LOAD ./system/src/newlib/_syscalls.o
LOAD ./system/src/newlib/assert.o
LOAD ./system/src/diag/Trace.o
LOAD ./system/src/diag/trace_impl.o
LOAD ./system/src/cortexm/_initialize_hardware.o
LOAD ./system/src/cortexm/_reset_hardware.o
LOAD ./system/src/cortexm/exception_handlers.o
LOAD ./system/src/cmsis/system_stm32f10x.o
LOAD ./system/src/cmsis/vectors_stm32f10x.o
LOAD ./src/DGPIO.o
LOAD ./src/DMA.o
LOAD ./src/DMA_Cfg.o
LOAD ./src/DNVIC.o
LOAD ./src/DRCC.o
LOAD ./src/DSYSTICK.o
LOAD ./src/HLCD.o
LOAD ./src/HLCD_config.o
LOAD ./src/HLED.o
LOAD ./src/HLED_config.o
LOAD ./src/HSwitch.o
LOAD ./src/HSwitch_config.o
LOAD ./src/HUART.o
LOAD ./src/LIN.o
LOAD ./src/LIN_cfg.o
LOAD ./src/Sched.o
LOAD ./src/Sched_config.o
LOAD ./src/UART.o
LOAD ./src/main.o
LOAD c:/users/toshiba/downloads/iti/turkey/arm tools iti/arm gcc/bin/../lib/gcc/arm-none-eabi/5.4.1/../../../../arm-none-eabi/lib/armv7-m\libstdc++_nano.a
LOAD c:/users/toshiba/downloads/iti/turkey/arm tools iti/arm gcc/bin/../lib/gcc/arm-none-eabi/5.4.1/../../../../arm-none-eabi/lib/armv7-m\libm.a
START GROUP
LOAD c:/users/toshiba/downloads/iti/turkey/arm tools iti/arm gcc/bin/../lib/gcc/arm-none-eabi/5.4.1/armv7-m\libgcc.a
LOAD c:/users/toshiba/downloads/iti/turkey/arm tools iti/arm gcc/bin/../lib/gcc/arm-none-eabi/5.4.1/../../../../arm-none-eabi/lib/armv7-m\libg_nano.a
LOAD c:/users/toshiba/downloads/iti/turkey/arm tools iti/arm gcc/bin/../lib/gcc/arm-none-eabi/5.4.1/../../../../arm-none-eabi/lib/armv7-m\libc_nano.a
END GROUP
START GROUP
LOAD c:/users/toshiba/downloads/iti/turkey/arm tools iti/arm gcc/bin/../lib/gcc/arm-none-eabi/5.4.1/armv7-m\libgcc.a
LOAD c:/users/toshiba/downloads/iti/turkey/arm tools iti/arm gcc/bin/../lib/gcc/arm-none-eabi/5.4.1/../../../../arm-none-eabi/lib/armv7-m\libc_nano.a
END GROUP
                0x20005000                __stack = (ORIGIN (RAM) + LENGTH (RAM))
                0x20005000                _estack = __stack
                0x00000400                __Main_Stack_Size = 0x400
                [!provide]                PROVIDE (_Main_Stack_Size, __Main_Stack_Size)
                0x20004c00                __Main_Stack_Limit = (__stack - __Main_Stack_Size)
                [!provide]                PROVIDE (_Main_Stack_Limit, __Main_Stack_Limit)
                0x00000100                _Minimum_Stack_Size = 0x100
                0x20000220                PROVIDE (_Heap_Begin, _end_noinit)
                0x20004c00                PROVIDE (_Heap_Limit, (__stack - __Main_Stack_Size))

.isr_vector     0x08000000      0x354
 FILL mask 0xff
                0x08000000                __vectors_start = ABSOLUTE (.)
                0x08000000                __vectors_start__ = ABSOLUTE (.)
 *(.isr_vector)
 .isr_vector    0x08000000      0x10c ./system/src/cmsis/vectors_stm32f10x.o
                0x08000000                __isr_vectors
 *(.cfmconfig)
 *(.after_vectors .after_vectors.*)
 .after_vectors
                0x0800010c      0x114 ./system/src/newlib/_startup.o
                0x0800010c                _start
 .after_vectors
                0x08000220      0x130 ./system/src/cortexm/exception_handlers.o
                0x08000220                Reset_Handler
                0x08000228                NMI_Handler
                0x0800022c                HardFault_Handler
                0x08000240                HardFault_Handler_C
                0x080002a0                MemManage_Handler
                0x080002a4                BusFault_Handler
                0x080002b8                BusFault_Handler_C
                0x080002ec                UsageFault_Handler
                0x08000300                UsageFault_Handler_C
                0x08000334                SVC_Handler
                0x08000338                DebugMon_Handler
                0x0800033c                PendSV_Handler
 .after_vectors
                0x08000350        0x4 ./system/src/cmsis/vectors_stm32f10x.o
                0x08000350                EXTI2_IRQHandler
                0x08000350                TIM8_TRG_COM_IRQHandler
                0x08000350                TIM8_CC_IRQHandler
                0x08000350                TIM1_CC_IRQHandler
                0x08000350                TIM6_IRQHandler
                0x08000350                PVD_IRQHandler
                0x08000350                SDIO_IRQHandler
                0x08000350                CAN2_RX1_IRQHandler
                0x08000350                EXTI3_IRQHandler
                0x08000350                TIM8_TRG_COM_TIM14_IRQHandler
                0x08000350                TIM1_UP_TIM10_IRQHandler
                0x08000350                TIM8_UP_TIM13_IRQHandler
                0x08000350                EXTI0_IRQHandler
                0x08000350                I2C2_EV_IRQHandler
                0x08000350                CAN1_RX0_IRQHandler
                0x08000350                TIM1_UP_TIM16_IRQHandler
                0x08000350                CAN2_SCE_IRQHandler
                0x08000350                ADC1_2_IRQHandler
                0x08000350                SPI1_IRQHandler
                0x08000350                TAMPER_IRQHandler
                0x08000350                TIM6_DAC_IRQHandler
                0x08000350                TIM1_BRK_TIM9_IRQHandler
                0x08000350                CAN2_RX0_IRQHandler
                0x08000350                TIM8_UP_IRQHandler
                0x08000350                DMA2_Channel2_IRQHandler
                0x08000350                USART3_IRQHandler
                0x08000350                RTC_IRQHandler
                0x08000350                CAN1_RX1_IRQHandler
                0x08000350                UART5_IRQHandler
                0x08000350                ADC3_IRQHandler
                0x08000350                TIM4_IRQHandler
                0x08000350                DMA2_Channel1_IRQHandler
                0x08000350                I2C1_EV_IRQHandler
                0x08000350                UART4_IRQHandler
                0x08000350                DMA2_Channel4_IRQHandler
                0x08000350                TIM3_IRQHandler
                0x08000350                RCC_IRQHandler
                0x08000350                TIM8_BRK_TIM12_IRQHandler
                0x08000350                TIM1_TRG_COM_IRQHandler
                0x08000350                Default_Handler
                0x08000350                CEC_IRQHandler
                0x08000350                EXTI15_10_IRQHandler
                0x08000350                TIM14_IRQHandler
                0x08000350                TIM13_IRQHandler
                0x08000350                TIM12_IRQHandler
                0x08000350                TIM7_IRQHandler
                0x08000350                CAN2_TX_IRQHandler
                0x08000350                TIM5_IRQHandler
                0x08000350                EXTI9_5_IRQHandler
                0x08000350                ETH_WKUP_IRQHandler
                0x08000350                SPI2_IRQHandler
                0x08000350                CAN1_TX_IRQHandler
                0x08000350                DMA2_Channel5_IRQHandler
                0x08000350                EXTI4_IRQHandler
                0x08000350                USB_LP_CAN1_RX0_IRQHandler
                0x08000350                TIM1_TRG_COM_TIM17_IRQHandler
                0x08000350                USB_HP_CAN1_TX_IRQHandler
                0x08000350                FSMC_IRQHandler
                0x08000350                ETH_IRQHandler
                0x08000350                TIM1_UP_IRQHandler
                0x08000350                WWDG_IRQHandler
                0x08000350                TIM2_IRQHandler
                0x08000350                OTG_FS_WKUP_IRQHandler
                0x08000350                TIM1_TRG_COM_TIM11_IRQHandler
                0x08000350                TIM1_BRK_IRQHandler
                0x08000350                EXTI1_IRQHandler
                0x08000350                RTCAlarm_IRQHandler
                0x08000350                DMA2_Channel4_5_IRQHandler
                0x08000350                USART2_IRQHandler
                0x08000350                I2C2_ER_IRQHandler
                0x08000350                TIM8_BRK_IRQHandler
                0x08000350                CAN1_SCE_IRQHandler
                0x08000350                FLASH_IRQHandler
                0x08000350                OTG_FS_IRQHandler
                0x08000350                SPI3_IRQHandler
                0x08000350                I2C1_ER_IRQHandler
                0x08000350                USBWakeUp_IRQHandler
                0x08000350                DMA2_Channel3_IRQHandler
                0x08000350                TIM1_BRK_TIM15_IRQHandler

.inits          0x08000354       0x28
                0x08000354                __data_regions_array_start = .
                0x08000354        0x4 LONG 0x800247c LOADADDR (.data)
                0x08000358        0x4 LONG 0x20000000 ADDR (.data)
                0x0800035c        0x4 LONG 0x200000b0 (ADDR (.data) + SIZEOF (.data))
                0x08000360        0x4 LONG 0x800247c LOADADDR (.data_CCMRAM)
                0x08000364        0x4 LONG 0x0 ADDR (.data_CCMRAM)
                0x08000368        0x4 LONG 0x0 (ADDR (.data_CCMRAM) + SIZEOF (.data_CCMRAM))
                0x0800036c                __data_regions_array_end = .
                0x0800036c                __bss_regions_array_start = .
                0x0800036c        0x4 LONG 0x200000b0 ADDR (.bss)
                0x08000370        0x4 LONG 0x20000220 (ADDR (.bss) + SIZEOF (.bss))
                0x08000374        0x4 LONG 0x0 ADDR (.bss_CCMRAM)
                0x08000378        0x4 LONG 0x0 (ADDR (.bss_CCMRAM) + SIZEOF (.bss_CCMRAM))
                0x0800037c                __bss_regions_array_end = .
 *(.init)
 *(.fini)
                0x0800037c                . = ALIGN (0x4)
                0x0800037c                PROVIDE (__preinit_array_start, .)
 *(.preinit_array_sysinit .preinit_array_sysinit.*)
 *(.preinit_array_platform .preinit_array_platform.*)
 *(.preinit_array .preinit_array.*)
                0x0800037c                PROVIDE (__preinit_array_end, .)
                0x0800037c                . = ALIGN (0x4)
                0x0800037c                PROVIDE (__init_array_start, .)
 *(SORT(.init_array.*))
 *(.init_array)
                0x0800037c                PROVIDE (__init_array_end, .)
                0x0800037c                . = ALIGN (0x4)
                0x0800037c                PROVIDE (__fini_array_start, .)
 *(SORT(.fini_array.*))
 *(.fini_array)
                0x0800037c                PROVIDE (__fini_array_end, .)

.flashtext
 *(.flashtext .flashtext.*)

.text           0x08000380     0x20f3
 *(.text .text.*)
 .text._exit    0x08000380        0x4 ./system/src/newlib/_exit.o
                0x08000380                _exit
 .text._sbrk    0x08000384       0x44 ./system/src/newlib/_sbrk.o
                0x08000384                _sbrk
 .text.__initialize_args
                0x080003c8       0x10 ./system/src/newlib/_syscalls.o
                0x080003c8                __initialize_args
 .text.trace_printf
                0x080003d8       0x30 ./system/src/diag/Trace.o
                0x080003d8                trace_printf
 .text._trace_write_semihosting_debug
                0x08000408       0x64 ./system/src/diag/trace_impl.o
 .text.trace_write
                0x0800046c        0x8 ./system/src/diag/trace_impl.o
                0x0800046c                trace_write
 .text.__initialize_hardware_early
                0x08000474       0x18 ./system/src/cortexm/_initialize_hardware.o
                0x08000474                __initialize_hardware_early
 .text.__initialize_hardware
                0x0800048c        0x8 ./system/src/cortexm/_initialize_hardware.o
                0x0800048c                __initialize_hardware
 .text.dumpExceptionStack
                0x08000494       0xf0 ./system/src/cortexm/exception_handlers.o
                0x08000494                dumpExceptionStack
 .text.isSemihosting
                0x08000584       0x20 ./system/src/cortexm/exception_handlers.o
                0x08000584                isSemihosting
 .text.SetSysClockTo72
                0x080005a4       0xc4 ./system/src/cmsis/system_stm32f10x.o
 .text.SetSysClock
                0x08000668        0x8 ./system/src/cmsis/system_stm32f10x.o
 .text.SystemInit
                0x08000670       0x50 ./system/src/cmsis/system_stm32f10x.o
                0x08000670                SystemInit
 .text.SystemCoreClockUpdate
                0x080006c0       0x94 ./system/src/cmsis/system_stm32f10x.o
                0x080006c0                SystemCoreClockUpdate
 .text.GPIO_Config
                0x08000754      0x174 ./src/DGPIO.o
                0x08000754                GPIO_Config
 .text.GPIO_Writee
                0x080008c8       0x18 ./src/DGPIO.o
                0x080008c8                GPIO_Writee
 .text.D_DMA_Init
                0x080008e0       0x98 ./src/DMA.o
                0x080008e0                D_DMA_Init
 .text.D_DMA_Start
                0x08000978       0x3c ./src/DMA.o
                0x08000978                D_DMA_Start
 .text.D_DMA_SetNotifyCbf
                0x080009b4       0x30 ./src/DMA.o
                0x080009b4                D_DMA_SetNotifyCbf
 .text.DMA1_Channel1_IRQHandler
                0x080009e4       0x30 ./src/DMA.o
                0x080009e4                DMA1_Channel1_IRQHandler
 .text.DMA1_Channel2_IRQHandler
                0x08000a14       0x30 ./src/DMA.o
                0x08000a14                DMA1_Channel2_IRQHandler
 .text.DMA1_Channel3_IRQHandler
                0x08000a44       0x30 ./src/DMA.o
                0x08000a44                DMA1_Channel3_IRQHandler
 .text.DMA1_Channel4_IRQHandler
                0x08000a74       0x30 ./src/DMA.o
                0x08000a74                DMA1_Channel4_IRQHandler
 .text.DMA1_Channel5_IRQHandler
                0x08000aa4       0x30 ./src/DMA.o
                0x08000aa4                DMA1_Channel5_IRQHandler
 .text.DMA1_Channel6_IRQHandler
                0x08000ad4       0x30 ./src/DMA.o
                0x08000ad4                DMA1_Channel6_IRQHandler
 .text.DMA1_Channel7_IRQHandler
                0x08000b04       0x34 ./src/DMA.o
                0x08000b04                DMA1_Channel7_IRQHandler
 .text.DNVIC_EnableIRQ
                0x08000b38       0x24 ./src/DNVIC.o
                0x08000b38                DNVIC_EnableIRQ
 .text.DNVIC_ClearPendingIRQ
                0x08000b5c       0x28 ./src/DNVIC.o
                0x08000b5c                DNVIC_ClearPendingIRQ
 .text.RCC_GetSystemClk
                0x08000b84       0x70 ./src/DRCC.o
 .text.RCC_SetPriephralStatus
                0x08000bf4       0x8c ./src/DRCC.o
                0x08000bf4                RCC_SetPriephralStatus
 .text.RCC_GetBusClock
                0x08000c80      0x140 ./src/DRCC.o
                0x08000c80                RCC_GetBusClock
 .text.SYSTICK_Init
                0x08000dc0       0x14 ./src/DSYSTICK.o
                0x08000dc0                SYSTICK_Init
 .text.SYSTICK_Start
                0x08000dd4       0x14 ./src/DSYSTICK.o
                0x08000dd4                SYSTICK_Start
 .text.SYSTICK_SetCallback
                0x08000de8       0x14 ./src/DSYSTICK.o
                0x08000de8                SYSTICK_SetCallback
 .text.SYSTICK_SetTime
                0x08000dfc       0x54 ./src/DSYSTICK.o
                0x08000dfc                SYSTICK_SetTime
 .text.SysTick_Handler
                0x08000e50       0x14 ./src/DSYSTICK.o
                0x08000e50                SysTick_Handler
 .text.HLED_Init
                0x08000e64       0x20 ./src/HLED.o
                0x08000e64                HLED_Init
 .text.HLED_SetLedState
                0x08000e84       0x40 ./src/HLED.o
                0x08000e84                HLED_SetLedState
 .text.HUART_Init
                0x08000ec4       0x9c ./src/HUART.o
                0x08000ec4                HUART_Init
 .text.HUART_Send
                0x08000f60       0x2c ./src/HUART.o
                0x08000f60                HUART_Send
 .text.HUART_Receive
                0x08000f8c       0x2c ./src/HUART.o
                0x08000f8c                HUART_Receive
 .text.HUART_SetTxCbf
                0x08000fb8       0x10 ./src/HUART.o
                0x08000fb8                HUART_SetTxCbf
 .text.HUART_SetRxCbf
                0x08000fc8       0x10 ./src/HUART.o
                0x08000fc8                HUART_SetRxCbf
 .text.HUART_SetLBDCbf
                0x08000fd8       0x10 ./src/HUART.o
                0x08000fd8                HUART_SetLBDCbf
 .text.HUART_SendBreak
                0x08000fe8       0x1c ./src/HUART.o
                0x08000fe8                HUART_SendBreak
 .text.RxHeaderDone
                0x08001004        0xc ./src/LIN.o
 .text.temp     0x08001010        0x4 ./src/LIN.o
 .text.ReceivedDone
                0x08001014       0x50 ./src/LIN.o
 .text.TransmitCheckSum
                0x08001064       0x50 ./src/LIN.o
 .text.LIN_Runnable
                0x080010b4      0x178 ./src/LIN.o
 .text.ReceiveCheckSum
                0x0800122c       0x1c ./src/LIN.o
 .text.startRxHeader
                0x08001248       0x1c ./src/LIN.o
 .text.LIN_Init
                0x08001264       0x18 ./src/LIN.o
                0x08001264                LIN_Init
 .text.LIN_SetTxCbf
                0x0800127c       0x14 ./src/LIN.o
                0x0800127c                LIN_SetTxCbf
 .text.LIN_SetRxCbf
                0x08001290       0x14 ./src/LIN.o
                0x08001290                LIN_SetRxCbf
 .text.LIN_SendData
                0x080012a4       0x44 ./src/LIN.o
                0x080012a4                LIN_SendData
 .text.LIN_ReceiveData
                0x080012e8       0x44 ./src/LIN.o
                0x080012e8                LIN_ReceiveData
 .text.Sched_SetOSFlag
                0x0800132c       0x10 ./src/Sched.o
 .text.Sched    0x0800133c       0x60 ./src/Sched.o
 .text.Sched_Init
                0x0800139c       0x6c ./src/Sched.o
                0x0800139c                Sched_Init
 .text.Sched_Start
                0x08001408       0x20 ./src/Sched.o
                0x08001408                Sched_Start
 .text.UART_Init
                0x08001428       0x3c ./src/UART.o
                0x08001428                UART_Init
 .text.UART_SetTxCbf
                0x08001464        0xc ./src/UART.o
                0x08001464                UART_SetTxCbf
 .text.UART_SetRxCbf
                0x08001470        0xc ./src/UART.o
                0x08001470                UART_SetRxCbf
 .text.UART_SetLBDCbf
                0x0800147c        0xc ./src/UART.o
                0x0800147c                UART_SetLBDCbf
 .text.USART1_IRQHandler
                0x08001488       0xe0 ./src/UART.o
                0x08001488                USART1_IRQHandler
 .text.DMA_ChannelFour_Finish
                0x08001568       0x28 ./src/UART.o
                0x08001568                DMA_ChannelFour_Finish
 .text.DMA_ChannelFive_Finish
                0x08001590       0x10 ./src/UART.o
                0x08001590                DMA_ChannelFive_Finish
 .text.UART_SendBreak
                0x080015a0       0x10 ./src/UART.o
                0x080015a0                UART_SendBreak
 .text.t2       0x080015b0        0x4 ./src/main.o
                0x080015b0                t2
 .text.t_func   0x080015b4       0x28 ./src/main.o
                0x080015b4                t_func
 .text.main     0x080015dc       0x78 ./src/main.o
                0x080015dc                main
 .text          0x08001654       0x30 c:/users/toshiba/downloads/iti/turkey/arm tools iti/arm gcc/bin/../lib/gcc/arm-none-eabi/5.4.1/armv7-m\libgcc.a(_aeabi_uldivmod.o)
                0x08001654                __aeabi_uldivmod
 .text          0x08001684      0x2ec c:/users/toshiba/downloads/iti/turkey/arm tools iti/arm gcc/bin/../lib/gcc/arm-none-eabi/5.4.1/armv7-m\libgcc.a(_udivmoddi4.o)
                0x08001684                __udivmoddi4
 .text          0x08001970        0x4 c:/users/toshiba/downloads/iti/turkey/arm tools iti/arm gcc/bin/../lib/gcc/arm-none-eabi/5.4.1/armv7-m\libgcc.a(_dvmd_tls.o)
                0x08001970                __aeabi_idiv0
                0x08001970                __aeabi_ldiv0
 .text.__errno  0x08001974        0xc c:/users/toshiba/downloads/iti/turkey/arm tools iti/arm gcc/bin/../lib/gcc/arm-none-eabi/5.4.1/../../../../arm-none-eabi/lib/armv7-m\libg_nano.a(lib_a-errno.o)
                0x08001974                __errno
 .text._vsnprintf_r
                0x08001980       0x56 c:/users/toshiba/downloads/iti/turkey/arm tools iti/arm gcc/bin/../lib/gcc/arm-none-eabi/5.4.1/../../../../arm-none-eabi/lib/armv7-m\libg_nano.a(lib_a-vsnprintf.o)
                0x08001980                _vsniprintf_r
                0x08001980                _vsnprintf_r
 *fill*         0x080019d6        0x2 
 .text.vsnprintf
                0x080019d8       0x1c c:/users/toshiba/downloads/iti/turkey/arm tools iti/arm gcc/bin/../lib/gcc/arm-none-eabi/5.4.1/../../../../arm-none-eabi/lib/armv7-m\libg_nano.a(lib_a-vsnprintf.o)
                0x080019d8                vsniprintf
                0x080019d8                vsnprintf
 .text.__ssputs_r
                0x080019f4       0xb2 c:/users/toshiba/downloads/iti/turkey/arm tools iti/arm gcc/bin/../lib/gcc/arm-none-eabi/5.4.1/../../../../arm-none-eabi/lib/armv7-m\libg_nano.a(lib_a-nano-svfprintf.o)
                0x080019f4                __ssputs_r
 *fill*         0x08001aa6        0x2 
 .text._svfprintf_r
                0x08001aa8      0x1e8 c:/users/toshiba/downloads/iti/turkey/arm tools iti/arm gcc/bin/../lib/gcc/arm-none-eabi/5.4.1/../../../../arm-none-eabi/lib/armv7-m\libg_nano.a(lib_a-nano-svfprintf.o)
                0x08001aa8                _svfiprintf_r
                0x08001aa8                _svfprintf_r
 .text._printf_common
                0x08001c90       0xec c:/users/toshiba/downloads/iti/turkey/arm tools iti/arm gcc/bin/../lib/gcc/arm-none-eabi/5.4.1/../../../../arm-none-eabi/lib/armv7-m\libg_nano.a(lib_a-nano-vfprintf_i.o)
                0x08001c90                _printf_common
 .text._printf_i
                0x08001d7c      0x24c c:/users/toshiba/downloads/iti/turkey/arm tools iti/arm gcc/bin/../lib/gcc/arm-none-eabi/5.4.1/../../../../arm-none-eabi/lib/armv7-m\libg_nano.a(lib_a-nano-vfprintf_i.o)
                0x08001d7c                _printf_i
 .text.memchr   0x08001fc8       0x1c c:/users/toshiba/downloads/iti/turkey/arm tools iti/arm gcc/bin/../lib/gcc/arm-none-eabi/5.4.1/../../../../arm-none-eabi/lib/armv7-m\libg_nano.a(lib_a-memchr-stub.o)
                0x08001fc8                memchr
 .text.memcpy   0x08001fe4       0x16 c:/users/toshiba/downloads/iti/turkey/arm tools iti/arm gcc/bin/../lib/gcc/arm-none-eabi/5.4.1/../../../../arm-none-eabi/lib/armv7-m\libg_nano.a(lib_a-memcpy-stub.o)
                0x08001fe4                memcpy
 .text.memmove  0x08001ffa       0x36 c:/users/toshiba/downloads/iti/turkey/arm tools iti/arm gcc/bin/../lib/gcc/arm-none-eabi/5.4.1/../../../../arm-none-eabi/lib/armv7-m\libg_nano.a(lib_a-memmove.o)
                0x08001ffa                memmove
 .text._free_r  0x08002030       0x98 c:/users/toshiba/downloads/iti/turkey/arm tools iti/arm gcc/bin/../lib/gcc/arm-none-eabi/5.4.1/../../../../arm-none-eabi/lib/armv7-m\libg_nano.a(lib_a-nano-freer.o)
                0x08002030                _free_r
 .text._malloc_r
                0x080020c8       0xbc c:/users/toshiba/downloads/iti/turkey/arm tools iti/arm gcc/bin/../lib/gcc/arm-none-eabi/5.4.1/../../../../arm-none-eabi/lib/armv7-m\libg_nano.a(lib_a-nano-mallocr.o)
                0x080020c8                _malloc_r
 .text._realloc_r
                0x08002184       0x4c c:/users/toshiba/downloads/iti/turkey/arm tools iti/arm gcc/bin/../lib/gcc/arm-none-eabi/5.4.1/../../../../arm-none-eabi/lib/armv7-m\libg_nano.a(lib_a-nano-reallocr.o)
                0x08002184                _realloc_r
 .text._sbrk_r  0x080021d0       0x20 c:/users/toshiba/downloads/iti/turkey/arm tools iti/arm gcc/bin/../lib/gcc/arm-none-eabi/5.4.1/../../../../arm-none-eabi/lib/armv7-m\libg_nano.a(lib_a-sbrkr.o)
                0x080021d0                _sbrk_r
 .text.__malloc_lock
                0x080021f0        0x2 c:/users/toshiba/downloads/iti/turkey/arm tools iti/arm gcc/bin/../lib/gcc/arm-none-eabi/5.4.1/../../../../arm-none-eabi/lib/armv7-m\libg_nano.a(lib_a-mlock.o)
                0x080021f0                __malloc_lock
 .text.__malloc_unlock
                0x080021f2        0x2 c:/users/toshiba/downloads/iti/turkey/arm tools iti/arm gcc/bin/../lib/gcc/arm-none-eabi/5.4.1/../../../../arm-none-eabi/lib/armv7-m\libg_nano.a(lib_a-mlock.o)
                0x080021f2                __malloc_unlock
 .text._malloc_usable_size_r
                0x080021f4       0x14 c:/users/toshiba/downloads/iti/turkey/arm tools iti/arm gcc/bin/../lib/gcc/arm-none-eabi/5.4.1/../../../../arm-none-eabi/lib/armv7-m\libg_nano.a(lib_a-nano-msizer.o)
                0x080021f4                _malloc_usable_size_r
 *(.rodata .rodata.* .constdata .constdata.*)
 .rodata.str1.4
                0x08002208      0x148 ./system/src/cortexm/exception_handlers.o
                                0x146 (size before relaxing)
 .rodata.DMA_Configure
                0x08002350       0x90 ./src/DMA_Cfg.o
                0x08002350                DMA_Configure
 .rodata.LED    0x080023e0       0x18 ./src/HLED_config.o
                0x080023e0                LED
 .rodata.LED_Init
                0x080023f8       0x40 ./src/HLED_config.o
                0x080023f8                LED_Init
 .rodata.SysTask_info
                0x08002438        0x8 ./src/Sched_config.o
                0x08002438                SysTask_info
 .rodata.str1.1
                0x08002440       0x11 c:/users/toshiba/downloads/iti/turkey/arm tools iti/arm gcc/bin/../lib/gcc/arm-none-eabi/5.4.1/../../../../arm-none-eabi/lib/armv7-m\libg_nano.a(lib_a-nano-svfprintf.o)
 .rodata.str1.1
                0x08002451       0x22 c:/users/toshiba/downloads/iti/turkey/arm tools iti/arm gcc/bin/../lib/gcc/arm-none-eabi/5.4.1/../../../../arm-none-eabi/lib/armv7-m\libg_nano.a(lib_a-nano-vfprintf_i.o)
 *(vtable)
 *(.eh_frame*)
 *(.glue_7)
 .glue_7        0x08002473        0x0 linker stubs
 *(.glue_7t)
 .glue_7t       0x08002473        0x0 linker stubs

.vfp11_veneer   0x08002474        0x0
 .vfp11_veneer  0x08002474        0x0 linker stubs

.v4_bx          0x08002474        0x0
 .v4_bx         0x08002474        0x0 linker stubs

.iplt           0x08002474        0x0
 .iplt          0x08002474        0x0 ./system/src/stm32f1-stdperiph/misc.o

.ARM.extab
 *(.ARM.extab* .gnu.linkonce.armextab.*)
                0x08002474                . = ALIGN (0x4)
                0x08002474                __exidx_start = .

.ARM.exidx      0x08002474        0x8
 *(.ARM.exidx* .gnu.linkonce.armexidx.*)
 .ARM.exidx     0x08002474        0x8 c:/users/toshiba/downloads/iti/turkey/arm tools iti/arm gcc/bin/../lib/gcc/arm-none-eabi/5.4.1/armv7-m\libgcc.a(_udivmoddi4.o)
                0x0800247c                __exidx_end = .

.rel.dyn        0x0800247c        0x0
 .rel.iplt      0x0800247c        0x0 ./system/src/stm32f1-stdperiph/misc.o
                0x0800247c                . = ALIGN (0x4)
                0x0800247c                _etext = .
                0x0800247c                __etext = .

.data_CCMRAM    0x00000000        0x0 load address 0x0800247c
 FILL mask 0xff
 *(.data.CCMRAM .data.CCMRAM.*)
                0x00000000                . = ALIGN (0x4)
                0x0800247c                _sidata = LOADADDR (.data)

.data           0x20000000       0xb0 load address 0x0800247c
 FILL mask 0xff
                0x20000000                _sdata = .
                0x20000000                __data_start__ = .
 *(.data_begin .data_begin.*)
 .data_begin    0x20000000        0x4 ./system/src/newlib/_startup.o
 *(.data .data.*)
 .data.argv.4290
                0x20000004        0x8 ./system/src/newlib/_syscalls.o
 .data.AHBPrescTable
                0x2000000c       0x10 ./system/src/cmsis/system_stm32f10x.o
                0x2000000c                AHBPrescTable
 .data.SystemCoreClock
                0x2000001c        0x4 ./system/src/cmsis/system_stm32f10x.o
                0x2000001c                SystemCoreClock
 .data.NV       0x20000020        0x4 ./src/DNVIC.o
                0x20000020                NV
 .data.LIN_Task
                0x20000024        0x8 ./src/LIN.o
                0x20000024                LIN_Task
 .data.master_LDF
                0x2000002c        0x6 ./src/LIN_cfg.o
                0x2000002c                master_LDF
 *fill*         0x20000032        0x2 ff
 .data.slave_Msgs
                0x20000034       0x10 ./src/LIN_cfg.o
                0x20000034                slave_Msgs
 .data.arr1     0x20000044        0x3 ./src/main.o
                0x20000044                arr1
 *fill*         0x20000047        0x1 ff
 .data.impure_data
                0x20000048       0x60 c:/users/toshiba/downloads/iti/turkey/arm tools iti/arm gcc/bin/../lib/gcc/arm-none-eabi/5.4.1/../../../../arm-none-eabi/lib/armv7-m\libg_nano.a(lib_a-impure.o)
 .data._impure_ptr
                0x200000a8        0x4 c:/users/toshiba/downloads/iti/turkey/arm tools iti/arm gcc/bin/../lib/gcc/arm-none-eabi/5.4.1/../../../../arm-none-eabi/lib/armv7-m\libg_nano.a(lib_a-impure.o)
                0x200000a8                _impure_ptr
 *(.data_end .data_end.*)
 .data_end      0x200000ac        0x4 ./system/src/newlib/_startup.o
                0x200000b0                . = ALIGN (0x4)
                0x200000b0                _edata = .
                0x200000b0                __data_end__ = .

.igot.plt       0x200000b0        0x0 load address 0x0800252c
 .igot.plt      0x200000b0        0x0 ./system/src/stm32f1-stdperiph/misc.o

.bss_CCMRAM     0x00000000        0x0
 *(.bss.CCMRAM .bss.CCMRAM.*)

.bss            0x200000b0      0x170
                0x200000b0                __bss_start__ = .
                0x200000b0                _sbss = .
 *(.bss_begin .bss_begin.*)
 .bss_begin     0x200000b0        0x4 ./system/src/newlib/_startup.o
 *(.bss .bss.*)
 .bss.current_heap_end.3974
                0x200000b4        0x4 ./system/src/newlib/_sbrk.o
 .bss.name.4289
                0x200000b8        0x1 ./system/src/newlib/_syscalls.o
 *fill*         0x200000b9        0x3 
 .bss.buf.5179  0x200000bc       0x80 ./system/src/diag/Trace.o
 .bss.UART_mode
                0x2000013c        0x1 ./src/HUART.o
                0x2000013c                UART_mode
 .bss.msgCounter.3814
                0x2000013d        0x1 ./src/LIN.o
 .bss.CurrentMsgID
                0x2000013e        0x1 ./src/LIN.o
 *fill*         0x2000013f        0x1 
 .bss.TxNotify  0x20000140        0x4 ./src/LIN.o
 .bss.RxNotify  0x20000144        0x4 ./src/LIN.o
 .bss.CheckSum  0x20000148        0x1 ./src/LIN.o
 .bss.headerReceivedFlag
                0x20000149        0x1 ./src/LIN.o
 *fill*         0x2000014a        0x2 
 .bss.currentHeader.3813
                0x2000014c        0x3 ./src/LIN.o
 *fill*         0x2000014f        0x1 
 .bss.receivedHeader
                0x20000150        0x3 ./src/LIN.o
 .bss.delay.3815
                0x20000153        0x1 ./src/LIN.o
 .bss.RxNotify  0x20000154        0x4 ./src/UART.o
 .bss.LBDNotify
                0x20000158        0x4 ./src/UART.o
 .bss.TxNotify  0x2000015c        0x4 ./src/UART.o
 .bss.RxBuffer  0x20000160       0x10 ./src/UART.o
 .bss.TxBuffer  0x20000170       0x10 ./src/UART.o
 .bss.__malloc_sbrk_start
                0x20000180        0x4 c:/users/toshiba/downloads/iti/turkey/arm tools iti/arm gcc/bin/../lib/gcc/arm-none-eabi/5.4.1/../../../../arm-none-eabi/lib/armv7-m\libg_nano.a(lib_a-nano-mallocr.o)
                0x20000180                __malloc_sbrk_start
 .bss.__malloc_free_list
                0x20000184        0x4 c:/users/toshiba/downloads/iti/turkey/arm tools iti/arm gcc/bin/../lib/gcc/arm-none-eabi/5.4.1/../../../../arm-none-eabi/lib/armv7-m\libg_nano.a(lib_a-nano-mallocr.o)
                0x20000184                __malloc_free_list
 *(COMMON)
 COMMON         0x20000188        0x4 ./system/src/newlib/_syscalls.o
                0x20000188                errno
 COMMON         0x2000018c       0x54 ./src/DMA.o
                0x2000018c                NotificationArray
 COMMON         0x200001e0        0x4 ./src/DSYSTICK.o
                0x200001e0                APPcbf
 COMMON         0x200001e4       0x1c ./src/HUART.o
                0x200001e4                Clk
                0x200001e8                Notification_Send
                0x200001f4                Notification_Receive
 COMMON         0x20000200       0x18 ./src/Sched.o
                0x20000200                idx
                0x20000204                SysTask
                0x20000214                OSFlag
 COMMON         0x20000218        0x3 ./src/main.o
                0x20000218                arr2
 *(.bss_end .bss_end.*)
 *fill*         0x2000021b        0x1 
 .bss_end       0x2000021c        0x4 ./system/src/newlib/_startup.o
                0x20000220                . = ALIGN (0x4)
                0x20000220                __bss_end__ = .
                0x20000220                _ebss = .

.noinit_CCMRAM
 *(.noinit.CCMRAM .noinit.CCMRAM.*)

.noinit         0x20000220        0x0
                0x20000220                _noinit = .
 *(.noinit .noinit.*)
                0x20000220                . = ALIGN (0x4)
                0x20000220                _end_noinit = .
                [!provide]                PROVIDE (end, _end_noinit)
                [!provide]                PROVIDE (_end, _end_noinit)
                [!provide]                PROVIDE (__end, _end_noinit)
                [!provide]                PROVIDE (__end__, _end_noinit)

._check_stack   0x20000220      0x100
                0x20000320                . = (. + _Minimum_Stack_Size)
 *fill*         0x20000220      0x100 

.b1text
 *(.b1text)
 *(.b1rodata)
 *(.b1rodata.*)

.eb0text
 *(.eb0text)
 *(.eb0rodata)
 *(.eb0rodata.*)

.eb1text
 *(.eb1text)
 *(.eb1rodata)
 *(.eb1rodata.*)

.eb2text
 *(.eb2text)
 *(.eb2rodata)
 *(.eb2rodata.*)

.eb3text
 *(.eb3text)
 *(.eb3rodata)
 *(.eb3rodata.*)

.stab
 *(.stab)

.stabstr
 *(.stabstr)

.stab.excl
 *(.stab.excl)

.stab.exclstr
 *(.stab.exclstr)

.stab.index
 *(.stab.index)

.stab.indexstr
 *(.stab.indexstr)

.comment        0x00000000       0x6e
 *(.comment)
 .comment       0x00000000       0x6e ./system/src/newlib/_exit.o
                                 0x6f (size before relaxing)
 .comment       0x0000006e       0x6f ./system/src/newlib/_sbrk.o
 .comment       0x0000006e       0x6f ./system/src/newlib/_startup.o
 .comment       0x0000006e       0x6f ./system/src/newlib/_syscalls.o
 .comment       0x0000006e       0x6f ./system/src/diag/Trace.o
 .comment       0x0000006e       0x6f ./system/src/diag/trace_impl.o
 .comment       0x0000006e       0x6f ./system/src/cortexm/_initialize_hardware.o
 .comment       0x0000006e       0x6f ./system/src/cortexm/exception_handlers.o
 .comment       0x0000006e       0x6f ./system/src/cmsis/system_stm32f10x.o
 .comment       0x0000006e       0x6f ./system/src/cmsis/vectors_stm32f10x.o
 .comment       0x0000006e       0x6f ./src/DGPIO.o
 .comment       0x0000006e       0x6f ./src/DMA.o
 .comment       0x0000006e       0x6f ./src/DMA_Cfg.o
 .comment       0x0000006e       0x6f ./src/DNVIC.o
 .comment       0x0000006e       0x6f ./src/DRCC.o
 .comment       0x0000006e       0x6f ./src/DSYSTICK.o
 .comment       0x0000006e       0x6f ./src/HLED.o
 .comment       0x0000006e       0x6f ./src/HLED_config.o
 .comment       0x0000006e       0x6f ./src/HUART.o
 .comment       0x0000006e       0x6f ./src/LIN.o
 .comment       0x0000006e       0x6f ./src/LIN_cfg.o
 .comment       0x0000006e       0x6f ./src/Sched.o
 .comment       0x0000006e       0x6f ./src/Sched_config.o
 .comment       0x0000006e       0x6f ./src/UART.o
 .comment       0x0000006e       0x6f ./src/main.o

.ARM.attributes
                0x00000000       0x31
 .ARM.attributes
                0x00000000       0x33 ./system/src/newlib/_exit.o
 .ARM.attributes
                0x00000033       0x33 ./system/src/newlib/_sbrk.o
 .ARM.attributes
                0x00000066       0x33 ./system/src/newlib/_startup.o
 .ARM.attributes
                0x00000099       0x33 ./system/src/newlib/_syscalls.o
 .ARM.attributes
                0x000000cc       0x33 ./system/src/diag/Trace.o
 .ARM.attributes
                0x000000ff       0x33 ./system/src/diag/trace_impl.o
 .ARM.attributes
                0x00000132       0x33 ./system/src/cortexm/_initialize_hardware.o
 .ARM.attributes
                0x00000165       0x33 ./system/src/cortexm/exception_handlers.o
 .ARM.attributes
                0x00000198       0x33 ./system/src/cmsis/system_stm32f10x.o
 .ARM.attributes
                0x000001cb       0x33 ./system/src/cmsis/vectors_stm32f10x.o
 .ARM.attributes
                0x000001fe       0x33 ./src/DGPIO.o
 .ARM.attributes
                0x00000231       0x33 ./src/DMA.o
 .ARM.attributes
                0x00000264       0x33 ./src/DMA_Cfg.o
 .ARM.attributes
                0x00000297       0x33 ./src/DNVIC.o
 .ARM.attributes
                0x000002ca       0x33 ./src/DRCC.o
 .ARM.attributes
                0x000002fd       0x33 ./src/DSYSTICK.o
 .ARM.attributes
                0x00000330       0x33 ./src/HLED.o
 .ARM.attributes
                0x00000363       0x33 ./src/HLED_config.o
 .ARM.attributes
                0x00000396       0x33 ./src/HUART.o
 .ARM.attributes
                0x000003c9       0x33 ./src/LIN.o
 .ARM.attributes
                0x000003fc       0x33 ./src/LIN_cfg.o
 .ARM.attributes
                0x0000042f       0x33 ./src/Sched.o
 .ARM.attributes
                0x00000462       0x33 ./src/Sched_config.o
 .ARM.attributes
                0x00000495       0x33 ./src/UART.o
 .ARM.attributes
                0x000004c8       0x33 ./src/main.o
 .ARM.attributes
                0x000004fb       0x1d c:/users/toshiba/downloads/iti/turkey/arm tools iti/arm gcc/bin/../lib/gcc/arm-none-eabi/5.4.1/armv7-m\libgcc.a(_aeabi_uldivmod.o)
 .ARM.attributes
                0x00000518       0x2d c:/users/toshiba/downloads/iti/turkey/arm tools iti/arm gcc/bin/../lib/gcc/arm-none-eabi/5.4.1/armv7-m\libgcc.a(_udivmoddi4.o)
 .ARM.attributes
                0x00000545       0x1d c:/users/toshiba/downloads/iti/turkey/arm tools iti/arm gcc/bin/../lib/gcc/arm-none-eabi/5.4.1/armv7-m\libgcc.a(_dvmd_tls.o)
 .ARM.attributes
                0x00000562       0x2d c:/users/toshiba/downloads/iti/turkey/arm tools iti/arm gcc/bin/../lib/gcc/arm-none-eabi/5.4.1/../../../../arm-none-eabi/lib/armv7-m\libg_nano.a(lib_a-errno.o)
 .ARM.attributes
                0x0000058f       0x2d c:/users/toshiba/downloads/iti/turkey/arm tools iti/arm gcc/bin/../lib/gcc/arm-none-eabi/5.4.1/../../../../arm-none-eabi/lib/armv7-m\libg_nano.a(lib_a-impure.o)
 .ARM.attributes
                0x000005bc       0x2d c:/users/toshiba/downloads/iti/turkey/arm tools iti/arm gcc/bin/../lib/gcc/arm-none-eabi/5.4.1/../../../../arm-none-eabi/lib/armv7-m\libg_nano.a(lib_a-vsnprintf.o)
 .ARM.attributes
                0x000005e9       0x2d c:/users/toshiba/downloads/iti/turkey/arm tools iti/arm gcc/bin/../lib/gcc/arm-none-eabi/5.4.1/../../../../arm-none-eabi/lib/armv7-m\libg_nano.a(lib_a-nano-svfprintf.o)
 .ARM.attributes
                0x00000616       0x2d c:/users/toshiba/downloads/iti/turkey/arm tools iti/arm gcc/bin/../lib/gcc/arm-none-eabi/5.4.1/../../../../arm-none-eabi/lib/armv7-m\libg_nano.a(lib_a-nano-vfprintf_i.o)
 .ARM.attributes
                0x00000643       0x2d c:/users/toshiba/downloads/iti/turkey/arm tools iti/arm gcc/bin/../lib/gcc/arm-none-eabi/5.4.1/../../../../arm-none-eabi/lib/armv7-m\libg_nano.a(lib_a-memchr-stub.o)
 .ARM.attributes
                0x00000670       0x2d c:/users/toshiba/downloads/iti/turkey/arm tools iti/arm gcc/bin/../lib/gcc/arm-none-eabi/5.4.1/../../../../arm-none-eabi/lib/armv7-m\libg_nano.a(lib_a-memcpy-stub.o)
 .ARM.attributes
                0x0000069d       0x2d c:/users/toshiba/downloads/iti/turkey/arm tools iti/arm gcc/bin/../lib/gcc/arm-none-eabi/5.4.1/../../../../arm-none-eabi/lib/armv7-m\libg_nano.a(lib_a-memmove.o)
 .ARM.attributes
                0x000006ca       0x2d c:/users/toshiba/downloads/iti/turkey/arm tools iti/arm gcc/bin/../lib/gcc/arm-none-eabi/5.4.1/../../../../arm-none-eabi/lib/armv7-m\libg_nano.a(lib_a-nano-freer.o)
 .ARM.attributes
                0x000006f7       0x2d c:/users/toshiba/downloads/iti/turkey/arm tools iti/arm gcc/bin/../lib/gcc/arm-none-eabi/5.4.1/../../../../arm-none-eabi/lib/armv7-m\libg_nano.a(lib_a-nano-mallocr.o)
 .ARM.attributes
                0x00000724       0x2d c:/users/toshiba/downloads/iti/turkey/arm tools iti/arm gcc/bin/../lib/gcc/arm-none-eabi/5.4.1/../../../../arm-none-eabi/lib/armv7-m\libg_nano.a(lib_a-nano-reallocr.o)
 .ARM.attributes
                0x00000751       0x2d c:/users/toshiba/downloads/iti/turkey/arm tools iti/arm gcc/bin/../lib/gcc/arm-none-eabi/5.4.1/../../../../arm-none-eabi/lib/armv7-m\libg_nano.a(lib_a-sbrkr.o)
 .ARM.attributes
                0x0000077e       0x2d c:/users/toshiba/downloads/iti/turkey/arm tools iti/arm gcc/bin/../lib/gcc/arm-none-eabi/5.4.1/../../../../arm-none-eabi/lib/armv7-m\libg_nano.a(lib_a-mlock.o)
 .ARM.attributes
                0x000007ab       0x2d c:/users/toshiba/downloads/iti/turkey/arm tools iti/arm gcc/bin/../lib/gcc/arm-none-eabi/5.4.1/../../../../arm-none-eabi/lib/armv7-m\libg_nano.a(lib_a-nano-msizer.o)

.debug
 *(.debug)

.line
 *(.line)

.debug_srcinfo
 *(.debug_srcinfo)

.debug_sfnames
 *(.debug_sfnames)

.debug_aranges  0x00000000      0x628
 *(.debug_aranges)
 .debug_aranges
                0x00000000       0x28 ./system/src/newlib/_exit.o
 .debug_aranges
                0x00000028       0x20 ./system/src/newlib/_sbrk.o
 .debug_aranges
                0x00000048       0x40 ./system/src/newlib/_startup.o
 .debug_aranges
                0x00000088       0x30 ./system/src/newlib/_syscalls.o
 .debug_aranges
                0x000000b8       0x38 ./system/src/diag/Trace.o
 .debug_aranges
                0x000000f0       0x30 ./system/src/diag/trace_impl.o
 .debug_aranges
                0x00000120       0x28 ./system/src/cortexm/_initialize_hardware.o
 .debug_aranges
                0x00000148       0x90 ./system/src/cortexm/exception_handlers.o
 .debug_aranges
                0x000001d8       0x38 ./system/src/cmsis/system_stm32f10x.o
 .debug_aranges
                0x00000210       0x20 ./system/src/cmsis/vectors_stm32f10x.o
 .debug_aranges
                0x00000230       0x38 ./src/DGPIO.o
 .debug_aranges
                0x00000268       0x68 ./src/DMA.o
 .debug_aranges
                0x000002d0       0x18 ./src/DMA_Cfg.o
 .debug_aranges
                0x000002e8       0x88 ./src/DNVIC.o
 .debug_aranges
                0x00000370       0x50 ./src/DRCC.o
 .debug_aranges
                0x000003c0       0x48 ./src/DSYSTICK.o
 .debug_aranges
                0x00000408       0x28 ./src/HLED.o
 .debug_aranges
                0x00000430       0x18 ./src/HLED_config.o
 .debug_aranges
                0x00000448       0x58 ./src/HUART.o
 .debug_aranges
                0x000004a0       0x78 ./src/LIN.o
 .debug_aranges
                0x00000518       0x18 ./src/LIN_cfg.o
 .debug_aranges
                0x00000530       0x40 ./src/Sched.o
 .debug_aranges
                0x00000570       0x18 ./src/Sched_config.o
 .debug_aranges
                0x00000588       0x70 ./src/UART.o
 .debug_aranges
                0x000005f8       0x30 ./src/main.o

.debug_pubnames
 *(.debug_pubnames)

.debug_info     0x00000000     0x4999
 *(.debug_info .gnu.linkonce.wi.*)
 .debug_info    0x00000000       0xef ./system/src/newlib/_exit.o
 .debug_info    0x000000ef      0x11f ./system/src/newlib/_sbrk.o
 .debug_info    0x0000020e      0x455 ./system/src/newlib/_startup.o
 .debug_info    0x00000663      0x1c7 ./system/src/newlib/_syscalls.o
 .debug_info    0x0000082a      0x2e7 ./system/src/diag/Trace.o
 .debug_info    0x00000b11      0x30b ./system/src/diag/trace_impl.o
 .debug_info    0x00000e1c      0x2b1 ./system/src/cortexm/_initialize_hardware.o
 .debug_info    0x000010cd      0x8da ./system/src/cortexm/exception_handlers.o
 .debug_info    0x000019a7      0x497 ./system/src/cmsis/system_stm32f10x.o
 .debug_info    0x00001e3e       0xd1 ./system/src/cmsis/vectors_stm32f10x.o
 .debug_info    0x00001f0f      0x264 ./src/DGPIO.o
 .debug_info    0x00002173      0x3fc ./src/DMA.o
 .debug_info    0x0000256f      0x137 ./src/DMA_Cfg.o
 .debug_info    0x000026a6      0x37b ./src/DNVIC.o
 .debug_info    0x00002a21      0x23a ./src/DRCC.o
 .debug_info    0x00002c5b      0x149 ./src/DSYSTICK.o
 .debug_info    0x00002da4      0x266 ./src/HLED.o
 .debug_info    0x0000300a      0x1cc ./src/HLED_config.o
 .debug_info    0x000031d6      0x651 ./src/HUART.o
 .debug_info    0x00003827      0x607 ./src/LIN.o
 .debug_info    0x00003e2e      0x114 ./src/LIN_cfg.o
 .debug_info    0x00003f42      0x2ae ./src/Sched.o
 .debug_info    0x000041f0      0x104 ./src/Sched_config.o
 .debug_info    0x000042f4      0x43c ./src/UART.o
 .debug_info    0x00004730      0x269 ./src/main.o

.debug_abbrev   0x00000000     0x1b49
 *(.debug_abbrev)
 .debug_abbrev  0x00000000       0x8e ./system/src/newlib/_exit.o
 .debug_abbrev  0x0000008e       0xb9 ./system/src/newlib/_sbrk.o
 .debug_abbrev  0x00000147      0x1ac ./system/src/newlib/_startup.o
 .debug_abbrev  0x000002f3       0xec ./system/src/newlib/_syscalls.o
 .debug_abbrev  0x000003df      0x156 ./system/src/diag/Trace.o
 .debug_abbrev  0x00000535      0x1c8 ./system/src/diag/trace_impl.o
 .debug_abbrev  0x000006fd       0xea ./system/src/cortexm/_initialize_hardware.o
 .debug_abbrev  0x000007e7      0x247 ./system/src/cortexm/exception_handlers.o
 .debug_abbrev  0x00000a2e      0x159 ./system/src/cmsis/system_stm32f10x.o
 .debug_abbrev  0x00000b87       0x9d ./system/src/cmsis/vectors_stm32f10x.o
 .debug_abbrev  0x00000c24       0xd7 ./src/DGPIO.o
 .debug_abbrev  0x00000cfb      0x147 ./src/DMA.o
 .debug_abbrev  0x00000e42       0x80 ./src/DMA_Cfg.o
 .debug_abbrev  0x00000ec2      0x110 ./src/DNVIC.o
 .debug_abbrev  0x00000fd2      0x118 ./src/DRCC.o
 .debug_abbrev  0x000010ea       0xd8 ./src/DSYSTICK.o
 .debug_abbrev  0x000011c2      0x116 ./src/HLED.o
 .debug_abbrev  0x000012d8       0xc3 ./src/HLED_config.o
 .debug_abbrev  0x0000139b      0x15e ./src/HUART.o
 .debug_abbrev  0x000014f9      0x1a5 ./src/LIN.o
 .debug_abbrev  0x0000169e       0x82 ./src/LIN_cfg.o
 .debug_abbrev  0x00001720      0x18c ./src/Sched.o
 .debug_abbrev  0x000018ac       0x92 ./src/Sched_config.o
 .debug_abbrev  0x0000193e      0x147 ./src/UART.o
 .debug_abbrev  0x00001a85       0xc4 ./src/main.o

.debug_line     0x00000000     0x3677
 *(.debug_line)
 .debug_line    0x00000000      0x349 ./system/src/newlib/_exit.o
 .debug_line    0x00000349      0x2fa ./system/src/newlib/_sbrk.o
 .debug_line    0x00000643      0x3b0 ./system/src/newlib/_startup.o
 .debug_line    0x000009f3      0x418 ./system/src/newlib/_syscalls.o
 .debug_line    0x00000e0b      0x3b7 ./system/src/diag/Trace.o
 .debug_line    0x000011c2      0x62f ./system/src/diag/trace_impl.o
 .debug_line    0x000017f1      0x376 ./system/src/cortexm/_initialize_hardware.o
 .debug_line    0x00001b67      0x6d8 ./system/src/cortexm/exception_handlers.o
 .debug_line    0x0000223f      0x3d6 ./system/src/cmsis/system_stm32f10x.o
 .debug_line    0x00002615      0x106 ./system/src/cmsis/vectors_stm32f10x.o
 .debug_line    0x0000271b      0x153 ./src/DGPIO.o
 .debug_line    0x0000286e      0x16e ./src/DMA.o
 .debug_line    0x000029dc       0x52 ./src/DMA_Cfg.o
 .debug_line    0x00002a2e      0x174 ./src/DNVIC.o
 .debug_line    0x00002ba2      0x1ae ./src/DRCC.o
 .debug_line    0x00002d50       0xd4 ./src/DSYSTICK.o
 .debug_line    0x00002e24       0x9b ./src/HLED.o
 .debug_line    0x00002ebf       0x66 ./src/HLED_config.o
 .debug_line    0x00002f25      0x15e ./src/HUART.o
 .debug_line    0x00003083      0x1dc ./src/LIN.o
 .debug_line    0x0000325f       0x52 ./src/LIN_cfg.o
 .debug_line    0x000032b1      0x10f ./src/Sched.o
 .debug_line    0x000033c0       0x5e ./src/Sched_config.o
 .debug_line    0x0000341e      0x176 ./src/UART.o
 .debug_line    0x00003594       0xe3 ./src/main.o

.debug_frame    0x00000000      0xf4c
 *(.debug_frame)
 .debug_frame   0x00000000       0x38 ./system/src/newlib/_exit.o
 .debug_frame   0x00000038       0x28 ./system/src/newlib/_sbrk.o
 .debug_frame   0x00000060       0x7c ./system/src/newlib/_startup.o
 .debug_frame   0x000000dc       0x50 ./system/src/newlib/_syscalls.o
 .debug_frame   0x0000012c       0x94 ./system/src/diag/Trace.o
 .debug_frame   0x000001c0       0x60 ./system/src/diag/trace_impl.o
 .debug_frame   0x00000220       0x40 ./system/src/cortexm/_initialize_hardware.o
 .debug_frame   0x00000260      0x158 ./system/src/cortexm/exception_handlers.o
 .debug_frame   0x000003b8       0x68 ./system/src/cmsis/system_stm32f10x.o
 .debug_frame   0x00000420       0x20 ./system/src/cmsis/vectors_stm32f10x.o
 .debug_frame   0x00000440       0x6c ./src/DGPIO.o
 .debug_frame   0x000004ac      0x11c ./src/DMA.o
 .debug_frame   0x000005c8       0xf0 ./src/DNVIC.o
 .debug_frame   0x000006b8       0x90 ./src/DRCC.o
 .debug_frame   0x00000748       0x80 ./src/DSYSTICK.o
 .debug_frame   0x000007c8       0x40 ./src/HLED.o
 .debug_frame   0x00000808       0xfc ./src/HUART.o
 .debug_frame   0x00000904      0x138 ./src/LIN.o
 .debug_frame   0x00000a3c       0x84 ./src/Sched.o
 .debug_frame   0x00000ac0       0xec ./src/UART.o
 .debug_frame   0x00000bac       0x50 ./src/main.o
 .debug_frame   0x00000bfc       0x2c c:/users/toshiba/downloads/iti/turkey/arm tools iti/arm gcc/bin/../lib/gcc/arm-none-eabi/5.4.1/armv7-m\libgcc.a(_aeabi_uldivmod.o)
 .debug_frame   0x00000c28       0x38 c:/users/toshiba/downloads/iti/turkey/arm tools iti/arm gcc/bin/../lib/gcc/arm-none-eabi/5.4.1/armv7-m\libgcc.a(_udivmoddi4.o)
 .debug_frame   0x00000c60       0x20 c:/users/toshiba/downloads/iti/turkey/arm tools iti/arm gcc/bin/../lib/gcc/arm-none-eabi/5.4.1/../../../../arm-none-eabi/lib/armv7-m\libg_nano.a(lib_a-errno.o)
 .debug_frame   0x00000c80       0x48 c:/users/toshiba/downloads/iti/turkey/arm tools iti/arm gcc/bin/../lib/gcc/arm-none-eabi/5.4.1/../../../../arm-none-eabi/lib/armv7-m\libg_nano.a(lib_a-vsnprintf.o)
 .debug_frame   0x00000cc8       0x90 c:/users/toshiba/downloads/iti/turkey/arm tools iti/arm gcc/bin/../lib/gcc/arm-none-eabi/5.4.1/../../../../arm-none-eabi/lib/armv7-m\libg_nano.a(lib_a-nano-svfprintf.o)
 .debug_frame   0x00000d58       0x60 c:/users/toshiba/downloads/iti/turkey/arm tools iti/arm gcc/bin/../lib/gcc/arm-none-eabi/5.4.1/../../../../arm-none-eabi/lib/armv7-m\libg_nano.a(lib_a-nano-vfprintf_i.o)
 .debug_frame   0x00000db8       0x28 c:/users/toshiba/downloads/iti/turkey/arm tools iti/arm gcc/bin/../lib/gcc/arm-none-eabi/5.4.1/../../../../arm-none-eabi/lib/armv7-m\libg_nano.a(lib_a-memchr-stub.o)
 .debug_frame   0x00000de0       0x28 c:/users/toshiba/downloads/iti/turkey/arm tools iti/arm gcc/bin/../lib/gcc/arm-none-eabi/5.4.1/../../../../arm-none-eabi/lib/armv7-m\libg_nano.a(lib_a-memcpy-stub.o)
 .debug_frame   0x00000e08       0x28 c:/users/toshiba/downloads/iti/turkey/arm tools iti/arm gcc/bin/../lib/gcc/arm-none-eabi/5.4.1/../../../../arm-none-eabi/lib/armv7-m\libg_nano.a(lib_a-memmove.o)
 .debug_frame   0x00000e30       0x38 c:/users/toshiba/downloads/iti/turkey/arm tools iti/arm gcc/bin/../lib/gcc/arm-none-eabi/5.4.1/../../../../arm-none-eabi/lib/armv7-m\libg_nano.a(lib_a-nano-freer.o)
 .debug_frame   0x00000e68       0x2c c:/users/toshiba/downloads/iti/turkey/arm tools iti/arm gcc/bin/../lib/gcc/arm-none-eabi/5.4.1/../../../../arm-none-eabi/lib/armv7-m\libg_nano.a(lib_a-nano-mallocr.o)
 .debug_frame   0x00000e94       0x3c c:/users/toshiba/downloads/iti/turkey/arm tools iti/arm gcc/bin/../lib/gcc/arm-none-eabi/5.4.1/../../../../arm-none-eabi/lib/armv7-m\libg_nano.a(lib_a-nano-reallocr.o)
 .debug_frame   0x00000ed0       0x2c c:/users/toshiba/downloads/iti/turkey/arm tools iti/arm gcc/bin/../lib/gcc/arm-none-eabi/5.4.1/../../../../arm-none-eabi/lib/armv7-m\libg_nano.a(lib_a-sbrkr.o)
 .debug_frame   0x00000efc       0x30 c:/users/toshiba/downloads/iti/turkey/arm tools iti/arm gcc/bin/../lib/gcc/arm-none-eabi/5.4.1/../../../../arm-none-eabi/lib/armv7-m\libg_nano.a(lib_a-mlock.o)
 .debug_frame   0x00000f2c       0x20 c:/users/toshiba/downloads/iti/turkey/arm tools iti/arm gcc/bin/../lib/gcc/arm-none-eabi/5.4.1/../../../../arm-none-eabi/lib/armv7-m\libg_nano.a(lib_a-nano-msizer.o)

.debug_str      0x00000000    0x594ac
 *(.debug_str)
 .debug_str     0x00000000     0x6d3a ./system/src/newlib/_exit.o
                               0x6eac (size before relaxing)
 .debug_str     0x00006d3a      0x4de ./system/src/newlib/_sbrk.o
                               0x6297 (size before relaxing)
 .debug_str     0x00007218      0xbc3 ./system/src/newlib/_startup.o
                               0x5e4c (size before relaxing)
 .debug_str     0x00007ddb      0xe18 ./system/src/newlib/_syscalls.o
                               0x70f7 (size before relaxing)
 .debug_str     0x00008bf3      0x890 ./system/src/diag/Trace.o
                               0x769c (size before relaxing)
 .debug_str     0x00009483    0x4b2af ./system/src/diag/trace_impl.o
                              0x51e5e (size before relaxing)
 .debug_str     0x00054732       0xc4 ./system/src/cortexm/_initialize_hardware.o
                              0x4e018 (size before relaxing)
 .debug_str     0x000547f6      0x1a6 ./system/src/cortexm/exception_handlers.o
                              0x52c20 (size before relaxing)
 .debug_str     0x0005499c      0x124 ./system/src/cmsis/system_stm32f10x.o
                              0x4e0c2 (size before relaxing)
 .debug_str     0x00054ac0       0x57 ./system/src/cmsis/vectors_stm32f10x.o
                               0x3067 (size before relaxing)
 .debug_str     0x00054b17     0x1f45 ./src/DGPIO.o
                               0x44c4 (size before relaxing)
 .debug_str     0x00056a5c      0x940 ./src/DMA.o
                               0x2ef6 (size before relaxing)
 .debug_str     0x0005739c       0x11 ./src/DMA_Cfg.o
                               0x2cbb (size before relaxing)
 .debug_str     0x000573ad      0x553 ./src/DNVIC.o
                               0x2b14 (size before relaxing)
 .debug_str     0x00057900      0xe4b ./src/DRCC.o
                               0x33d2 (size before relaxing)
 .debug_str     0x0005874b      0x200 ./src/DSYSTICK.o
                               0x27a2 (size before relaxing)
 .debug_str     0x0005894b       0x9d ./src/HLED.o
                               0x44e2 (size before relaxing)
 .debug_str     0x000589e8       0x15 ./src/HLED_config.o
                               0x4497 (size before relaxing)
 .debug_str     0x000589fd      0x47e ./src/HUART.o
                               0x4f81 (size before relaxing)
 .debug_str     0x00058e7b      0x308 ./src/LIN.o
                               0x2963 (size before relaxing)
 .debug_str     0x00059183       0x11 ./src/LIN_cfg.o
                               0x26b4 (size before relaxing)
 .debug_str     0x00059194      0x105 ./src/Sched.o
                               0x2d12 (size before relaxing)
 .debug_str     0x00059299       0x16 ./src/Sched_config.o
                               0x2638 (size before relaxing)
 .debug_str     0x000592af      0x1bc ./src/UART.o
                               0x2c85 (size before relaxing)
 .debug_str     0x0005946b       0x41 ./src/main.o
                               0x4e41 (size before relaxing)

.debug_loc      0x00000000     0x21ed
 *(.debug_loc)
 .debug_loc     0x00000000       0x82 ./system/src/newlib/_sbrk.o
 .debug_loc     0x00000082      0x265 ./system/src/newlib/_startup.o
 .debug_loc     0x000002e7       0x63 ./system/src/newlib/_syscalls.o
 .debug_loc     0x0000034a      0x102 ./system/src/diag/Trace.o
 .debug_loc     0x0000044c      0x17c ./system/src/diag/trace_impl.o
 .debug_loc     0x000005c8      0x2a8 ./system/src/cortexm/exception_handlers.o
 .debug_loc     0x00000870       0xdf ./system/src/cmsis/system_stm32f10x.o
 .debug_loc     0x0000094f      0x24a ./src/DGPIO.o
 .debug_loc     0x00000b99      0x13e ./src/DMA.o
 .debug_loc     0x00000cd7      0x24f ./src/DNVIC.o
 .debug_loc     0x00000f26      0x59d ./src/DRCC.o
 .debug_loc     0x000014c3       0xd3 ./src/DSYSTICK.o
 .debug_loc     0x00001596      0x139 ./src/HLED.o
 .debug_loc     0x000016cf      0x412 ./src/HUART.o
 .debug_loc     0x00001ae1      0x3b0 ./src/LIN.o
 .debug_loc     0x00001e91       0x48 ./src/Sched.o
 .debug_loc     0x00001ed9      0x314 ./src/UART.o

.debug_macinfo
 *(.debug_macinfo)

.debug_weaknames
 *(.debug_weaknames)

.debug_funcnames
 *(.debug_funcnames)

.debug_typenames
 *(.debug_typenames)

.debug_varnames
 *(.debug_varnames)
OUTPUT(DigitalWatch.elf elf32-littlearm)

.debug_ranges   0x00000000      0x4d8
 .debug_ranges  0x00000000       0x18 ./system/src/newlib/_exit.o
 .debug_ranges  0x00000018       0x10 ./system/src/newlib/_sbrk.o
 .debug_ranges  0x00000028       0x48 ./system/src/newlib/_startup.o
 .debug_ranges  0x00000070       0x20 ./system/src/newlib/_syscalls.o
 .debug_ranges  0x00000090       0x28 ./system/src/diag/Trace.o
 .debug_ranges  0x000000b8       0x38 ./system/src/diag/trace_impl.o
 .debug_ranges  0x000000f0       0x18 ./system/src/cortexm/_initialize_hardware.o
 .debug_ranges  0x00000108       0x98 ./system/src/cortexm/exception_handlers.o
 .debug_ranges  0x000001a0       0x28 ./system/src/cmsis/system_stm32f10x.o
 .debug_ranges  0x000001c8       0x10 ./system/src/cmsis/vectors_stm32f10x.o
 .debug_ranges  0x000001d8       0x28 ./src/DGPIO.o
 .debug_ranges  0x00000200       0x58 ./src/DMA.o
 .debug_ranges  0x00000258       0x78 ./src/DNVIC.o
 .debug_ranges  0x000002d0       0x58 ./src/DRCC.o
 .debug_ranges  0x00000328       0x38 ./src/DSYSTICK.o
 .debug_ranges  0x00000360       0x18 ./src/HLED.o
 .debug_ranges  0x00000378       0x48 ./src/HUART.o
 .debug_ranges  0x000003c0       0x68 ./src/LIN.o
 .debug_ranges  0x00000428       0x30 ./src/Sched.o
 .debug_ranges  0x00000458       0x60 ./src/UART.o
 .debug_ranges  0x000004b8       0x20 ./src/main.o

.debug_macro    0x00000000     0x3691
 .debug_macro   0x00000000      0x19c ./system/src/newlib/_exit.o
 .debug_macro   0x0000019c       0x9c ./system/src/newlib/_exit.o
 .debug_macro   0x00000238      0x10e ./system/src/newlib/_exit.o
 .debug_macro   0x00000346       0x8d ./system/src/newlib/_exit.o
 .debug_macro   0x000003d3       0x43 ./system/src/newlib/_exit.o
 .debug_macro   0x00000416      0x30d ./system/src/newlib/_exit.o
 .debug_macro   0x00000723       0x35 ./system/src/newlib/_exit.o
 .debug_macro   0x00000758      0x151 ./system/src/newlib/_sbrk.o
 .debug_macro   0x000008a9      0x174 ./system/src/newlib/_sbrk.o
 .debug_macro   0x00000a1d       0x10 ./system/src/newlib/_sbrk.o
 .debug_macro   0x00000a2d      0x23b ./system/src/newlib/_sbrk.o
 .debug_macro   0x00000c68      0x15b ./system/src/newlib/_startup.o
 .debug_macro   0x00000dc3      0x1ff ./system/src/newlib/_syscalls.o
 .debug_macro   0x00000fc2       0x1c ./system/src/newlib/_syscalls.o
 .debug_macro   0x00000fde       0x10 ./system/src/newlib/_syscalls.o
 .debug_macro   0x00000fee       0x10 ./system/src/newlib/_syscalls.o
 .debug_macro   0x00000ffe       0x10 ./system/src/newlib/_syscalls.o
 .debug_macro   0x0000100e       0x35 ./system/src/newlib/_syscalls.o
 .debug_macro   0x00001043      0x122 ./system/src/newlib/_syscalls.o
 .debug_macro   0x00001165       0x88 ./system/src/newlib/_syscalls.o
 .debug_macro   0x000011ed       0x2b ./system/src/newlib/_syscalls.o
 .debug_macro   0x00001218      0x118 ./system/src/newlib/_syscalls.o
 .debug_macro   0x00001330      0x159 ./system/src/newlib/_syscalls.o
 .debug_macro   0x00001489       0x16 ./system/src/newlib/_syscalls.o
 .debug_macro   0x0000149f      0x1d9 ./system/src/diag/Trace.o
 .debug_macro   0x00001678       0x16 ./system/src/diag/Trace.o
 .debug_macro   0x0000168e       0x97 ./system/src/diag/Trace.o
 .debug_macro   0x00001725       0xfd ./system/src/diag/Trace.o
 .debug_macro   0x00001822       0x10 ./system/src/diag/Trace.o
 .debug_macro   0x00001832       0x16 ./system/src/diag/Trace.o
 .debug_macro   0x00001848      0x18b ./system/src/diag/Trace.o
 .debug_macro   0x000019d3       0x4c ./system/src/diag/Trace.o
 .debug_macro   0x00001a1f       0x16 ./system/src/diag/Trace.o
 .debug_macro   0x00001a35      0x2c2 ./system/src/diag/trace_impl.o
 .debug_macro   0x00001cf7       0x10 ./system/src/diag/trace_impl.o
 .debug_macro   0x00001d07       0xcf ./system/src/diag/trace_impl.o
 .debug_macro   0x00001dd6       0xbe ./system/src/diag/trace_impl.o
 .debug_macro   0x00001e94       0x22 ./system/src/diag/trace_impl.o
 .debug_macro   0x00001eb6      0x16b ./system/src/cortexm/_initialize_hardware.o
 .debug_macro   0x00002021      0x302 ./system/src/cortexm/exception_handlers.o
 .debug_macro   0x00002323       0x3b ./system/src/cortexm/exception_handlers.o
 .debug_macro   0x0000235e       0x10 ./system/src/cortexm/exception_handlers.o
 .debug_macro   0x0000236e      0x16e ./system/src/cmsis/system_stm32f10x.o
 .debug_macro   0x000024dc       0x34 ./system/src/cmsis/vectors_stm32f10x.o
 .debug_macro   0x00002510       0x2c ./src/DGPIO.o
 .debug_macro   0x0000253c      0x5da ./src/DGPIO.o
 .debug_macro   0x00002b16       0x41 ./src/DMA.o
 .debug_macro   0x00002b57       0x40 ./src/DMA.o
 .debug_macro   0x00002b97      0x154 ./src/DMA.o
 .debug_macro   0x00002ceb       0x23 ./src/DMA_Cfg.o
 .debug_macro   0x00002d0e       0x2c ./src/DNVIC.o
 .debug_macro   0x00002d3a      0x19c ./src/DNVIC.o
 .debug_macro   0x00002ed6      0x1a0 ./src/DRCC.o
 .debug_macro   0x00003076      0x184 ./src/DRCC.o
 .debug_macro   0x000031fa       0x41 ./src/DSYSTICK.o
 .debug_macro   0x0000323b       0x28 ./src/DSYSTICK.o
 .debug_macro   0x00003263       0x10 ./src/DSYSTICK.o
 .debug_macro   0x00003273       0x27 ./src/HLED.o
 .debug_macro   0x0000329a       0x22 ./src/HLED.o
 .debug_macro   0x000032bc       0x27 ./src/HLED_config.o
 .debug_macro   0x000032e3       0x6e ./src/HUART.o
 .debug_macro   0x00003351       0x2e ./src/HUART.o
 .debug_macro   0x0000337f       0x16 ./src/HUART.o
 .debug_macro   0x00003395       0x1c ./src/HUART.o
 .debug_macro   0x000033b1       0x9a ./src/HUART.o
 .debug_macro   0x0000344b       0x71 ./src/LIN.o
 .debug_macro   0x000034bc       0x16 ./src/LIN.o
 .debug_macro   0x000034d2       0x52 ./src/LIN.o
 .debug_macro   0x00003524       0x23 ./src/LIN_cfg.o
 .debug_macro   0x00003547       0x41 ./src/Sched.o
 .debug_macro   0x00003588       0x16 ./src/Sched.o
 .debug_macro   0x0000359e       0x23 ./src/Sched_config.o
 .debug_macro   0x000035c1       0x6e ./src/UART.o
 .debug_macro   0x0000362f       0x62 ./src/main.o
